// Jest Snapshot v1, https://goo.gl/fbAQLP

exports[`Matches the snapshot 1`] = `
<button
  data-testid="button"
  onClick={[Function]}
/>
`;
